// Jest Snapshot v1, https://goo.gl/fbAQLP

exports[`renders the home page correctly 1`] = `""`;
